./testdata/test_01.txt: 4
./testdata/test_02.txt: 7

