1 addsADasd
3 fsdsfndms aDDsadasd
4 sfdshjfjskfdsj addSADasd
6 sdfsfsdaddsadasd

