34r43r
aadaadaklsd
addsadasd
fsdnfsflsdf
fsdsfndms
sdfsfsd
sfdshjfjskfdsj