234420 3242304
23423 2034323 24234234
234 111
234432 00032 234023
2432423 23
0 22