234 4324 234432
skd aaaaa rrrrrrr
fffff aaaaaa ttttttt
qqqqqqq tttttttt ssssss
