0 22
2432423 23
234432 00032 234023
234 111
23423 2034323 24234234
234420 3242304